admissibilidade (colunas, nao filtro): {'admissivel': 15653, 'inadmissivel': 22, 'estrutural': 171, 'parada_ferramenta': 246, 'lancamento_externo': 45}
unidades (apk, timeout) pareadas: 489 | timeouts: [60, 180, 300] | tasks: 16137 | tools: ['monkey', 'droidbot:dfs_greedy', 'droidbot:bfs_greedy', 'droidbot:dfs_naive', 'droidbot:bfs_naive', 'ape', 'droidmate', 'humanoid', 'ares', 'fastbot', 'qtesting']
CSVs em: /pedro/desenvolvimento/workspaces/workspaces-doutorado/workspace-rv/rvsec/rv-android/data/results/estudo02-20260916_consolidado

   T A                      B                      metric        medA    medB  A>B  A<B        p sig
  60 monkey                 droidbot:dfs_greedy    cov_mop     11.139   9.132  102   38      0.0 sim
  60 monkey                 droidbot:dfs_greedy    mop_unique       0       0   22   10   0.0167 sim
  60 monkey                 droidbot:dfs_greedy    mop_unique4       0       0   21    9  0.01885 sim
  60 monkey                 droidbot:dfs_greedy    cov_method  14.385  12.654  119   42      0.0 sim
  60 monkey                 droidbot:dfs_greedy    mop_total        0       0   23   12  0.05255 nao
  60 monkey                 droidbot:bfs_greedy    cov_mop     11.139   9.086  110   30      0.0 sim
  60 monkey                 droidbot:bfs_greedy    mop_unique       0       0   22   10  0.01004 sim
  60 monkey                 droidbot:bfs_greedy    mop_unique4       0       0   21    9  0.01964 sim
  60 monkey                 droidbot:bfs_greedy    cov_method  14.385  11.957  124   38      0.0 sim
  60 monkey                 droidbot:bfs_greedy    mop_total        0       0   23   12  0.03533 sim
  60 monkey                 droidbot:dfs_naive     cov_mop     11.139   8.927  110   30      0.0 sim
  60 monkey                 droidbot:dfs_naive     mop_unique       0       0   27    8  0.00105 sim
  60 monkey                 droidbot:dfs_naive     mop_unique4       0       0   24    8  0.00979 sim
  60 monkey                 droidbot:dfs_naive     cov_method  14.385  12.188  123   39      0.0 sim
  60 monkey                 droidbot:dfs_naive     mop_total        0       0   27    9  0.00426 sim
  60 monkey                 droidbot:bfs_naive     cov_mop     11.139   8.322  111   29      0.0 sim
  60 monkey                 droidbot:bfs_naive     mop_unique       0       0   23    9   0.0038 sim
  60 monkey                 droidbot:bfs_naive     mop_unique4       0       0   22    8  0.00881 sim
  60 monkey                 droidbot:bfs_naive     cov_method  14.385  11.581  125   36      0.0 sim
  60 monkey                 droidbot:bfs_naive     mop_total        0       0   24   12  0.01292 sim
  60 monkey                 ape                    cov_mop     11.139  13.931   36  101      0.0 sim
  60 monkey                 ape                    mop_unique       0       0   13   19  0.04336 sim
  60 monkey                 ape                    mop_unique4       0       0   12   19  0.02578 sim
  60 monkey                 ape                    cov_method  14.385  16.824   35  126      0.0 sim
  60 monkey                 ape                    mop_total        0       0    9   44      0.0 sim
  60 monkey                 droidmate              cov_mop     11.139  10.904   73   66  0.35056 nao
  60 monkey                 droidmate              mop_unique       0       0   17   16  0.40396 nao
  60 monkey                 droidmate              mop_unique4       0       0   15   16   0.5363 nao
  60 monkey                 droidmate              cov_method  14.385   14.59   89   72  0.08438 nao
  60 monkey                 droidmate              mop_total        0       0   17   18  0.34869 nao
  60 monkey                 humanoid               cov_mop     11.139   9.146   94   47      0.0 sim
  60 monkey                 humanoid               mop_unique       0       0   19   10  0.06666 nao
  60 monkey                 humanoid               mop_unique4       0       0   19    9  0.14088 nao
  60 monkey                 humanoid               cov_method  14.385  13.448  108   54      0.0 sim
  60 monkey                 humanoid               mop_total        0       0   20   12  0.19592 nao
  60 monkey                 ares                   cov_mop     11.139   8.512  119   20      0.0 sim
  60 monkey                 ares                   mop_unique       0       0   22   11  0.00827 sim
  60 monkey                 ares                   mop_unique4       0       0   21   11  0.01973 sim
  60 monkey                 ares                   cov_method  14.385  11.561  136   26      0.0 sim
  60 monkey                 ares                   mop_total        0       0   17   46    4e-05 sim
  60 monkey                 fastbot                cov_mop     11.139  11.458   63   80  0.05582 nao
  60 monkey                 fastbot                mop_unique       0       0   15   17  0.27674 nao
  60 monkey                 fastbot                mop_unique4       0       0   14   17  0.33132 nao
  60 monkey                 fastbot                cov_method  14.385  14.543   63   96  0.00566 sim
  60 monkey                 fastbot                mop_total        0       0   15   26  0.01801 sim
  60 monkey                 qtesting               cov_mop     11.139   8.655   84   54    2e-05 sim
  60 monkey                 qtesting               mop_unique       0       0   19   12  0.12842 nao
  60 monkey                 qtesting               mop_unique4       0       0   18   13  0.10567 nao
  60 monkey                 qtesting               cov_method  14.385  12.158   97   65    1e-05 sim
  60 monkey                 qtesting               mop_total        0       0   17   44  0.00017 sim
  60 droidbot:dfs_greedy    droidbot:bfs_greedy    cov_mop      9.132   9.086   77   45  0.00363 sim
  60 droidbot:dfs_greedy    droidbot:bfs_greedy    mop_unique       0       0    6    7  0.39864 nao
  60 droidbot:dfs_greedy    droidbot:bfs_greedy    mop_unique4       0       0    5    6  0.68821 nao
  60 droidbot:dfs_greedy    droidbot:bfs_greedy    cov_method  12.654  11.957  100   60    6e-05 sim
  60 droidbot:dfs_greedy    droidbot:bfs_greedy    mop_total        0       0    8    9  0.83105 nao
  60 droidbot:dfs_greedy    droidbot:dfs_naive     cov_mop      9.132   8.927   80   46  0.00227 sim
  60 droidbot:dfs_greedy    droidbot:dfs_naive     mop_unique       0       0   12    5  0.20769 nao
  60 droidbot:dfs_greedy    droidbot:dfs_naive     mop_unique4       0       0   10    5  0.58912 nao
  60 droidbot:dfs_greedy    droidbot:dfs_naive     cov_method  12.654  12.188  106   52    1e-05 sim
  60 droidbot:dfs_greedy    droidbot:dfs_naive     mop_total        0       0   12    7  0.34308 nao
  60 droidbot:dfs_greedy    droidbot:bfs_naive     cov_mop      9.132   8.322   85   37   0.0001 sim
  60 droidbot:dfs_greedy    droidbot:bfs_naive     mop_unique       0       0    9    3  0.04257 sim
  60 droidbot:dfs_greedy    droidbot:bfs_naive     mop_unique4       0       0    8    2  0.23867 nao
  60 droidbot:dfs_greedy    droidbot:bfs_naive     cov_method  12.654  11.581  113   47      0.0 sim
  60 droidbot:dfs_greedy    droidbot:bfs_naive     mop_total        0       0   11    6  0.14559 nao
  60 droidbot:dfs_greedy    ape                    cov_mop      9.132  13.931   19  120      0.0 sim
  60 droidbot:dfs_greedy    ape                    mop_unique       0       0    9   26  0.00094 sim
  60 droidbot:dfs_greedy    ape                    mop_unique4       0       0    7   26  0.00036 sim
  60 droidbot:dfs_greedy    ape                    cov_method  12.654  16.824   18  144      0.0 sim
  60 droidbot:dfs_greedy    ape                    mop_total        0       0    3   52      0.0 sim
  60 droidbot:dfs_greedy    droidmate              cov_mop      9.132  10.904   42   88    1e-05 sim
  60 droidbot:dfs_greedy    droidmate              mop_unique       0       0    6   16    0.006 sim
  60 droidbot:dfs_greedy    droidmate              mop_unique4       0       0    5   16  0.01418 sim
  60 droidbot:dfs_greedy    droidmate              cov_method  12.654   14.59   67   94   0.0018 sim
  60 droidbot:dfs_greedy    droidmate              mop_total        0       0    7   17  0.02864 sim
  60 droidbot:dfs_greedy    humanoid               cov_mop      9.132   9.146   53   78  0.17751 nao
  60 droidbot:dfs_greedy    humanoid               mop_unique       0       0    6   11   0.0634 nao
  60 droidbot:dfs_greedy    humanoid               mop_unique4       0       0    5   10  0.07793 nao
  60 droidbot:dfs_greedy    humanoid               cov_method  12.654  13.448   67   95  0.15592 nao
  60 droidbot:dfs_greedy    humanoid               mop_total        0       0    9   12  0.24284 nao
  60 droidbot:dfs_greedy    ares                   cov_mop      9.132   8.512   94   41    7e-05 sim
  60 droidbot:dfs_greedy    ares                   mop_unique       0       0   10    9  0.32215 nao
  60 droidbot:dfs_greedy    ares                   mop_unique4       0       0    8    9  0.75792 nao
  60 droidbot:dfs_greedy    ares                   cov_method  12.654  11.561  118   42      0.0 sim
  60 droidbot:dfs_greedy    ares                   mop_total        0       0    6   49      0.0 sim
  60 droidbot:dfs_greedy    fastbot                cov_mop      9.132  11.458   41  100      0.0 sim
  60 droidbot:dfs_greedy    fastbot                mop_unique       0       0    5   21   0.0001 sim
  60 droidbot:dfs_greedy    fastbot                mop_unique4       0       0    4   21  0.00022 sim
  60 droidbot:dfs_greedy    fastbot                cov_method  12.654  14.543   43  118      0.0 sim
  60 droidbot:dfs_greedy    fastbot                mop_total        0       0    6   32    1e-05 sim
  60 droidbot:dfs_greedy    qtesting               cov_mop      9.132   8.655   55   77  0.47855 nao
  60 droidbot:dfs_greedy    qtesting               mop_unique       0       0    9   14  0.76064 nao
  60 droidbot:dfs_greedy    qtesting               mop_unique4       0       0    8   14  0.72086 nao
  60 droidbot:dfs_greedy    qtesting               cov_method  12.654  12.158   63   97  0.22578 nao
  60 droidbot:dfs_greedy    qtesting               mop_total        0       0    8   45    1e-05 sim
  60 droidbot:bfs_greedy    droidbot:dfs_naive     cov_mop      9.086   8.927   64   57  0.78693 nao
  60 droidbot:bfs_greedy    droidbot:dfs_naive     mop_unique       0       0   11    5  0.39236 nao
  60 droidbot:bfs_greedy    droidbot:dfs_naive     mop_unique4       0       0   10    5  0.66969 nao
  60 droidbot:bfs_greedy    droidbot:dfs_naive     cov_method  11.957  12.188   86   73  0.58802 nao
  60 droidbot:bfs_greedy    droidbot:dfs_naive     mop_total        0       0   14    6  0.28671 nao
  60 droidbot:bfs_greedy    droidbot:bfs_naive     cov_mop      9.086   8.322   67   52  0.15139 nao
  60 droidbot:bfs_greedy    droidbot:bfs_naive     mop_unique       0       0    9    2  0.15056 nao
  60 droidbot:bfs_greedy    droidbot:bfs_naive     mop_unique4       0       0    9    2  0.18058 nao
  60 droidbot:bfs_greedy    droidbot:bfs_naive     cov_method  11.957  11.581   88   62  0.09891 nao
  60 droidbot:bfs_greedy    droidbot:bfs_naive     mop_total        0       0   11    4  0.22756 nao
  60 droidbot:bfs_greedy    ape                    cov_mop      9.086  13.931   17  122      0.0 sim
  60 droidbot:bfs_greedy    ape                    mop_unique       0       0    6   24  0.00038 sim
  60 droidbot:bfs_greedy    ape                    mop_unique4       0       0    5   24   0.0004 sim
  60 droidbot:bfs_greedy    ape                    cov_method  11.957  16.824   13  147      0.0 sim
  60 droidbot:bfs_greedy    ape                    mop_total        0       0    4   49      0.0 sim
  60 droidbot:bfs_greedy    droidmate              cov_mop      9.086  10.904   41   91      0.0 sim
  60 droidbot:bfs_greedy    droidmate              mop_unique       0       0    6   15  0.00501 sim
  60 droidbot:bfs_greedy    droidmate              mop_unique4       0       0    5   15  0.01218 sim
  60 droidbot:bfs_greedy    droidmate              cov_method  11.957   14.59   58  101      0.0 sim
  60 droidbot:bfs_greedy    droidmate              mop_total        0       0    7   17  0.03801 sim
  60 droidbot:bfs_greedy    humanoid               cov_mop      9.086   9.146   48   82  0.00089 sim
  60 droidbot:bfs_greedy    humanoid               mop_unique       0       0    6   11  0.01267 sim
  60 droidbot:bfs_greedy    humanoid               mop_unique4       0       0    5   10   0.1053 nao
  60 droidbot:bfs_greedy    humanoid               cov_method  11.957  13.448   53  104      0.0 sim
  60 droidbot:bfs_greedy    humanoid               mop_total        0       0    9   14  0.06974 nao
  60 droidbot:bfs_greedy    ares                   cov_mop      9.086   8.512   80   49  0.00637 sim
  60 droidbot:bfs_greedy    ares                   mop_unique       0       0   10    9  0.64046 nao
  60 droidbot:bfs_greedy    ares                   mop_unique4       0       0    8    9  0.70451 nao
  60 droidbot:bfs_greedy    ares                   cov_method  11.957  11.561  101   59  0.00219 sim
  60 droidbot:bfs_greedy    ares                   mop_total        0       0    8   49      0.0 sim
  60 droidbot:bfs_greedy    fastbot                cov_mop      9.086  11.458   27  110      0.0 sim
  60 droidbot:bfs_greedy    fastbot                mop_unique       0       0    7   21  0.00031 sim
  60 droidbot:bfs_greedy    fastbot                mop_unique4       0       0    6   21   0.0009 sim
  60 droidbot:bfs_greedy    fastbot                cov_method  11.957  14.543   29  129      0.0 sim
  60 droidbot:bfs_greedy    fastbot                mop_total        0       0    8   31    7e-05 sim
  60 droidbot:bfs_greedy    qtesting               cov_mop      9.086   8.655   45   89  0.02237 sim
  60 droidbot:bfs_greedy    qtesting               mop_unique       0       0    8   14  0.51519 nao
  60 droidbot:bfs_greedy    qtesting               mop_unique4       0       0    7   14  0.67638 nao
  60 droidbot:bfs_greedy    qtesting               cov_method  11.957  12.158   47  110  0.00031 sim
  60 droidbot:bfs_greedy    qtesting               mop_total        0       0    8   48      0.0 sim
  60 droidbot:dfs_naive     droidbot:bfs_naive     cov_mop      8.927   8.322   60   58   0.2326 nao
  60 droidbot:dfs_naive     droidbot:bfs_naive     mop_unique       0       0    5    9  0.94988 nao
  60 droidbot:dfs_naive     droidbot:bfs_naive     mop_unique4       0       0    5    7  0.66553 nao
  60 droidbot:dfs_naive     droidbot:bfs_naive     cov_method  12.188  11.581   77   72  0.14166 nao
  60 droidbot:dfs_naive     droidbot:bfs_naive     mop_total        0       0    6   12  0.82732 nao
  60 droidbot:dfs_naive     ape                    cov_mop      8.927  13.931   17  122      0.0 sim
  60 droidbot:dfs_naive     ape                    mop_unique       0       0    5   28    1e-05 sim
  60 droidbot:dfs_naive     ape                    mop_unique4       0       0    5   27    3e-05 sim
  60 droidbot:dfs_naive     ape                    cov_method  12.188  16.824   16  146      0.0 sim
  60 droidbot:dfs_naive     ape                    mop_total        0       0    0   55      0.0 sim
  60 droidbot:dfs_naive     droidmate              cov_mop      8.927  10.904   45   86      0.0 sim
  60 droidbot:dfs_naive     droidmate              mop_unique       0       0    7   20  0.00233 sim
  60 droidbot:dfs_naive     droidmate              mop_unique4       0       0    6   20     0.02 sim
  60 droidbot:dfs_naive     droidmate              cov_method  12.188   14.59   62  100    3e-05 sim
  60 droidbot:dfs_naive     droidmate              mop_total        0       0    8   21  0.01445 sim
  60 droidbot:dfs_naive     humanoid               cov_mop      8.927   9.146   49   86  0.00709 sim
  60 droidbot:dfs_naive     humanoid               mop_unique       0       0    6   16  0.00729 sim
  60 droidbot:dfs_naive     humanoid               mop_unique4       0       0    6   14  0.06166 nao
  60 droidbot:dfs_naive     humanoid               cov_method  12.188  13.448   56  106    9e-05 sim
  60 droidbot:dfs_naive     humanoid               mop_total        0       0    8   18  0.04056 sim
  60 droidbot:dfs_naive     ares                   cov_mop      8.927   8.512   77   57  0.10427 nao
  60 droidbot:dfs_naive     ares                   mop_unique       0       0   10   12  0.79467 nao
  60 droidbot:dfs_naive     ares                   mop_unique4       0       0    9   12   0.9584 nao
  60 droidbot:dfs_naive     ares                   cov_method  12.188  11.561   96   62  0.06486 nao
  60 droidbot:dfs_naive     ares                   mop_total        0       0    6   46      0.0 sim
  60 droidbot:dfs_naive     fastbot                cov_mop      8.927  11.458   24  113      0.0 sim
  60 droidbot:dfs_naive     fastbot                mop_unique       0       0    4   28    1e-05 sim
  60 droidbot:dfs_naive     fastbot                mop_unique4       0       0    3   27    5e-05 sim
  60 droidbot:dfs_naive     fastbot                cov_method  12.188  14.543   30  132      0.0 sim
  60 droidbot:dfs_naive     fastbot                mop_total        0       0    5   37      0.0 sim
  60 droidbot:dfs_naive     qtesting               cov_mop      8.927   8.655   42   93  0.01307 sim
  60 droidbot:dfs_naive     qtesting               mop_unique       0       0    7   18  0.25219 nao
  60 droidbot:dfs_naive     qtesting               mop_unique4       0       0    6   18  0.32398 nao
  60 droidbot:dfs_naive     qtesting               cov_method  12.188  12.158   49  112  0.00048 sim
  60 droidbot:dfs_naive     qtesting               mop_total        0       0    7   47      0.0 sim
  60 droidbot:bfs_naive     ape                    cov_mop      8.322  13.931   15  126      0.0 sim
  60 droidbot:bfs_naive     ape                    mop_unique       0       0    7   27  0.00011 sim
  60 droidbot:bfs_naive     ape                    mop_unique4       0       0    6   27   0.0001 sim
  60 droidbot:bfs_naive     ape                    cov_method  11.581  16.824   15  147      0.0 sim
  60 droidbot:bfs_naive     ape                    mop_total        0       0    2   53      0.0 sim
  60 droidbot:bfs_naive     droidmate              cov_mop      8.322  10.904   43   88      0.0 sim
  60 droidbot:bfs_naive     droidmate              mop_unique       0       0    6   18   0.0029 sim
  60 droidbot:bfs_naive     droidmate              mop_unique4       0       0    5   18   0.0096 sim
  60 droidbot:bfs_naive     droidmate              cov_method  11.581   14.59   57  102      0.0 sim
  60 droidbot:bfs_naive     droidmate              mop_total        0       0    9   20  0.01877 sim
  60 droidbot:bfs_naive     humanoid               cov_mop      8.322   9.146   45   90    9e-05 sim
  60 droidbot:bfs_naive     humanoid               mop_unique       0       0    6   15  0.00356 sim
  60 droidbot:bfs_naive     humanoid               mop_unique4       0       0    5   14  0.02954 sim
  60 droidbot:bfs_naive     humanoid               cov_method  11.581  13.448   47  113      0.0 sim
  60 droidbot:bfs_naive     humanoid               mop_total        0       0   10   17   0.0256 sim
  60 droidbot:bfs_naive     ares                   cov_mop      8.322   8.512   71   60  0.33809 nao
  60 droidbot:bfs_naive     ares                   mop_unique       0       0    8   11   0.7155 nao
  60 droidbot:bfs_naive     ares                   mop_unique4       0       0    6   11  0.65242 nao
  60 droidbot:bfs_naive     ares                   cov_method  11.581  11.561   87   74  0.32056 nao
  60 droidbot:bfs_naive     ares                   mop_total        0       0    5   47      0.0 sim
  60 droidbot:bfs_naive     fastbot                cov_mop      8.322  11.458   22  117      0.0 sim
  60 droidbot:bfs_naive     fastbot                mop_unique       0       0    5   24    5e-05 sim
  60 droidbot:bfs_naive     fastbot                mop_unique4       0       0    4   24    6e-05 sim
  60 droidbot:bfs_naive     fastbot                cov_method  11.581  14.543   27  133      0.0 sim
  60 droidbot:bfs_naive     fastbot                mop_total        0       0    7   33    2e-05 sim
  60 droidbot:bfs_naive     qtesting               cov_mop      8.322   8.655   41   95  0.00274 sim
  60 droidbot:bfs_naive     qtesting               mop_unique       0       0    6   18  0.18742 nao
  60 droidbot:bfs_naive     qtesting               mop_unique4       0       0    5   18  0.21754 nao
  60 droidbot:bfs_naive     qtesting               cov_method  11.581  12.158   46  114    4e-05 sim
  60 droidbot:bfs_naive     qtesting               mop_total        0       0    5   48      0.0 sim
  60 ape                    droidmate              cov_mop     13.931  10.904  107   31      0.0 sim
  60 ape                    droidmate              mop_unique       0       0   18   12  0.54255 nao
  60 ape                    droidmate              mop_unique4       0       0   18   12  0.30316 nao
  60 ape                    droidmate              cov_method  16.824   14.59  130   31      0.0 sim
  60 ape                    droidmate              mop_total        0       0   42    8    1e-05 sim
  60 ape                    humanoid               cov_mop     13.931   9.146  125   14      0.0 sim
  60 ape                    humanoid               mop_unique       0       0   24   10  0.00299 sim
  60 ape                    humanoid               mop_unique4       0       0   24    8   0.0031 sim
  60 ape                    humanoid               cov_method  16.824  13.448  145   17      0.0 sim
  60 ape                    humanoid               mop_total        0       0   49    6      0.0 sim
  60 ape                    ares                   cov_mop     13.931   8.512  130   11      0.0 sim
  60 ape                    ares                   mop_unique       0       0   26    7   0.0001 sim
  60 ape                    ares                   mop_unique4       0       0   26    7  0.00047 sim
  60 ape                    ares                   cov_method  16.824  11.561  154    8      0.0 sim
  60 ape                    ares                   mop_total        0       0   36   29  0.44964 nao
  60 ape                    fastbot                cov_mop     13.931  11.458   90   52    7e-05 sim
  60 ape                    fastbot                mop_unique       0       0   19   19  0.60521 nao
  60 ape                    fastbot                mop_unique4       0       0   20   17  0.45466 nao
  60 ape                    fastbot                cov_method  16.824  14.543  101   59    3e-05 sim
  60 ape                    fastbot                mop_total        0       0   43   16    4e-05 sim
  60 ape                    qtesting               cov_mop     13.931   8.655  115   24      0.0 sim
  60 ape                    qtesting               mop_unique       0       0   23   13  0.00897 sim
  60 ape                    qtesting               mop_unique4       0       0   23   13  0.02459 sim
  60 ape                    qtesting               cov_method  16.824  12.158  138   22      0.0 sim
  60 ape                    qtesting               mop_total        0       0   33   32  0.50259 nao
  60 droidmate              humanoid               cov_mop     10.904   9.146   81   55  0.00078 sim
  60 droidmate              humanoid               mop_unique       0       0   16   10  0.06886 nao
  60 droidmate              humanoid               mop_unique4       0       0   16    9  0.12151 nao
  60 droidmate              humanoid               cov_method   14.59  13.448   87   74  0.01962 sim
  60 droidmate              humanoid               mop_total        0       0   18   11   0.1296 nao
  60 droidmate              ares                   cov_mop     10.904   8.512  100   34      0.0 sim
  60 droidmate              ares                   mop_unique       0       0   17    7  0.00598 sim
  60 droidmate              ares                   mop_unique4       0       0   17    7  0.03427 sim
  60 droidmate              ares                   cov_method   14.59  11.561  112   47      0.0 sim
  60 droidmate              ares                   mop_total        0       0   13   45  0.00027 sim
  60 droidmate              fastbot                cov_mop     10.904  11.458   60   80  0.03422 sim
  60 droidmate              fastbot                mop_unique       0       0   14   18  0.91784 nao
  60 droidmate              fastbot                mop_unique4       0       0   14   17  0.86764 nao
  60 droidmate              fastbot                cov_method   14.59  14.543   63   98  0.00041 sim
  60 droidmate              fastbot                mop_total        0       0   14   28  0.09108 nao
  60 droidmate              qtesting               cov_mop     10.904   8.655   78   54  0.00049 sim
  60 droidmate              qtesting               mop_unique       0       0   18   11  0.02722 sim
  60 droidmate              qtesting               mop_unique4       0       0   18   11  0.11401 nao
  60 droidmate              qtesting               cov_method   14.59  12.158   87   75  0.01459 sim
  60 droidmate              qtesting               mop_total        0       0   13   44  0.00027 sim
  60 humanoid               ares                   cov_mop      9.146   8.512   89   42    4e-05 sim
  60 humanoid               ares                   mop_unique       0       0   15    8  0.03389 sim
  60 humanoid               ares                   mop_unique4       0       0   13    8  0.09157 nao
  60 humanoid               ares                   cov_method  13.448  11.561  118   43      0.0 sim
  60 humanoid               ares                   mop_total        0       0    9   47    1e-05 sim
  60 humanoid               fastbot                cov_mop      9.146  11.458   42  100      0.0 sim
  60 humanoid               fastbot                mop_unique       0       0   10   22  0.00764 sim
  60 humanoid               fastbot                mop_unique4       0       0    8   22  0.01591 sim
  60 humanoid               fastbot                cov_method  13.448  14.543   43  119      0.0 sim
  60 humanoid               fastbot                mop_total        0       0   12   34  0.00048 sim
  60 humanoid               qtesting               cov_mop      9.146   8.655   62   69  0.99633 nao
  60 humanoid               qtesting               mop_unique       0       0   13   13  0.54169 nao
  60 humanoid               qtesting               mop_unique4       0       0   11   13  0.51083 nao
  60 humanoid               qtesting               cov_method  13.448  12.158   70   90  0.71034 nao
  60 humanoid               qtesting               mop_total        0       0   12   44    6e-05 sim
  60 ares                   fastbot                cov_mop      8.512  11.458   20  121      0.0 sim
  60 ares                   fastbot                mop_unique       0       0    5   26   0.0001 sim
  60 ares                   fastbot                mop_unique4       0       0    5   25    8e-05 sim
  60 ares                   fastbot                cov_method  11.561  14.543   17  145      0.0 sim
  60 ares                   fastbot                mop_total        0       0   39   22  0.00259 sim
  60 ares                   qtesting               cov_mop      8.512   8.655   40   93  0.00665 sim
  60 ares                   qtesting               mop_unique       0       0    9   13   0.5693 nao
  60 ares                   qtesting               mop_unique4       0       0    9   12  0.82113 nao
  60 ares                   qtesting               cov_method  11.561  12.158   38  121    2e-05 sim
  60 ares                   qtesting               mop_total        0       0   16   36  0.00919 sim
  60 fastbot                qtesting               cov_mop     11.458   8.655   90   52      0.0 sim
  60 fastbot                qtesting               mop_unique       0       0   22   10   0.0104 sim
  60 fastbot                qtesting               mop_unique4       0       0   21   10  0.02462 sim
  60 fastbot                qtesting               cov_method  14.543  12.158  107   54      0.0 sim
  60 fastbot                qtesting               mop_total        0       0   19   40  0.00075 sim
 180 monkey                 droidbot:dfs_greedy    cov_mop     16.971  15.578  103   40      0.0 sim
 180 monkey                 droidbot:dfs_greedy    mop_unique       0       0   25   17  0.42651 nao
 180 monkey                 droidbot:dfs_greedy    mop_unique4       0       0   24   17  0.28183 nao
 180 monkey                 droidbot:dfs_greedy    cov_method  20.322  18.152  109   52      0.0 sim
 180 monkey                 droidbot:dfs_greedy    mop_total        0       0   35   23  0.80105 nao
 180 monkey                 droidbot:bfs_greedy    cov_mop     16.971  15.618   99   41      0.0 sim
 180 monkey                 droidbot:bfs_greedy    mop_unique       0       0   20   21  0.79522 nao
 180 monkey                 droidbot:bfs_greedy    mop_unique4       0       0   20   19  0.75329 nao
 180 monkey                 droidbot:bfs_greedy    cov_method  20.322  18.768  112   49      0.0 sim
 180 monkey                 droidbot:bfs_greedy    mop_total        0       0   31   24  0.71181 nao
 180 monkey                 droidbot:dfs_naive     cov_mop     16.971  14.103  111   30      0.0 sim
 180 monkey                 droidbot:dfs_naive     mop_unique       0       0   25   15  0.01456 sim
 180 monkey                 droidbot:dfs_naive     mop_unique4       0       0   26   11  0.00172 sim
 180 monkey                 droidbot:dfs_naive     cov_method  20.322   17.34  123   39      0.0 sim
 180 monkey                 droidbot:dfs_naive     mop_total        0       0   37   15  0.00295 sim
 180 monkey                 droidbot:bfs_naive     cov_mop     16.971  14.186  110   30      0.0 sim
 180 monkey                 droidbot:bfs_naive     mop_unique       0       0   27   14  0.01549 sim
 180 monkey                 droidbot:bfs_naive     mop_unique4       0       0   27   11  0.00199 sim
 180 monkey                 droidbot:bfs_naive     cov_method  20.322  17.828  126   36      0.0 sim
 180 monkey                 droidbot:bfs_naive     mop_total        0       0   36   16  0.00933 sim
 180 monkey                 ape                    cov_mop     16.971   24.79   26  114      0.0 sim
 180 monkey                 ape                    mop_unique       0       0   11   28  0.00542 sim
 180 monkey                 ape                    mop_unique4       0       0   12   24  0.03057 sim
 180 monkey                 ape                    cov_method  20.322  25.378   25  137      0.0 sim
 180 monkey                 ape                    mop_total        0       0   14   53      0.0 sim
 180 monkey                 droidmate              cov_mop     16.971  16.667   69   72  0.63523 nao
 180 monkey                 droidmate              mop_unique       0       0   23   19  0.75896 nao
 180 monkey                 droidmate              mop_unique4       0       0   21   17  0.26038 nao
 180 monkey                 droidmate              cov_method  20.322  20.337   80   82  0.98466 nao
 180 monkey                 droidmate              mop_total        0       0   29   32   0.0626 nao
 180 monkey                 humanoid               cov_mop     16.971  14.952   88   50  0.00011 sim
 180 monkey                 humanoid               mop_unique       0       0   20   19  0.44106 nao
 180 monkey                 humanoid               mop_unique4       0       0   20   16   0.2479 nao
 180 monkey                 humanoid               cov_method  20.322  18.587  103   59  0.00016 sim
 180 monkey                 humanoid               mop_total        0       0   31   23  0.48987 nao
 180 monkey                 ares                   cov_mop     16.971  16.335   87   55  0.00053 sim
 180 monkey                 ares                   mop_unique       0       0   24   16  0.15529 nao
 180 monkey                 ares                   mop_unique4       0       0   23   15  0.05532 nao
 180 monkey                 ares                   cov_method  20.322  18.775  103   59    5e-05 sim
 180 monkey                 ares                   mop_total        0       0   22   50    7e-05 sim
 180 monkey                 fastbot                cov_mop     16.971  15.603   83   58  0.00931 sim
 180 monkey                 fastbot                mop_unique       0       0   23   19  0.39433 nao
 180 monkey                 fastbot                mop_unique4       0       0   23   17  0.15988 nao
 180 monkey                 fastbot                cov_method  20.322  18.859   88   74  0.03606 sim
 180 monkey                 fastbot                mop_total        0       0   31   27  0.65565 nao
 180 monkey                 qtesting               cov_mop     16.971  12.145  112   26      0.0 sim
 180 monkey                 qtesting               mop_unique       0       0   28   17  0.02554 sim
 180 monkey                 qtesting               mop_unique4       0       0   27   16  0.00535 sim
 180 monkey                 qtesting               cov_method  20.322  16.477  119   43      0.0 sim
 180 monkey                 qtesting               mop_total        0       0   25   54      0.0 sim
 180 droidbot:dfs_greedy    droidbot:bfs_greedy    cov_mop     15.578  15.618   74   51   0.3613 nao
 180 droidbot:dfs_greedy    droidbot:bfs_greedy    mop_unique       0       0    6   11  0.27585 nao
 180 droidbot:dfs_greedy    droidbot:bfs_greedy    mop_unique4       0       0    5    8   0.1841 nao
 180 droidbot:dfs_greedy    droidbot:bfs_greedy    cov_method  18.152  18.768   94   61  0.23133 nao
 180 droidbot:dfs_greedy    droidbot:bfs_greedy    mop_total        0       0   14   14   0.5162 nao
 180 droidbot:dfs_greedy    droidbot:dfs_naive     cov_mop     15.578  14.103   93   39    3e-05 sim
 180 droidbot:dfs_greedy    droidbot:dfs_naive     mop_unique       0       0   16    8  0.04795 sim
 180 droidbot:dfs_greedy    droidbot:dfs_naive     mop_unique4       0       0   15    6  0.00695 sim
 180 droidbot:dfs_greedy    droidbot:dfs_naive     cov_method  18.152   17.34  111   46    2e-05 sim
 180 droidbot:dfs_greedy    droidbot:dfs_naive     mop_total        0       0   25   10  0.00325 sim
 180 droidbot:dfs_greedy    droidbot:bfs_naive     cov_mop     15.578  14.186   91   40  0.00019 sim
 180 droidbot:dfs_greedy    droidbot:bfs_naive     mop_unique       0       0   14    9  0.07674 nao
 180 droidbot:dfs_greedy    droidbot:bfs_naive     mop_unique4       0       0   13    7  0.02371 sim
 180 droidbot:dfs_greedy    droidbot:bfs_naive     cov_method  18.152  17.828  110   46    2e-05 sim
 180 droidbot:dfs_greedy    droidbot:bfs_naive     mop_total        0       0   22   13  0.01073 sim
 180 droidbot:dfs_greedy    ape                    cov_mop     15.578   24.79   13  130      0.0 sim
 180 droidbot:dfs_greedy    ape                    mop_unique       0       0   10   34  0.00068 sim
 180 droidbot:dfs_greedy    ape                    mop_unique4       0       0   10   31  0.00084 sim
 180 droidbot:dfs_greedy    ape                    cov_method  18.152  25.378   15  147      0.0 sim
 180 droidbot:dfs_greedy    ape                    mop_total        0       0   10   57      0.0 sim
 180 droidbot:dfs_greedy    droidmate              cov_mop     15.578  16.667   50   90    1e-05 sim
 180 droidbot:dfs_greedy    droidmate              mop_unique       0       0   11   16  0.35413 nao
 180 droidbot:dfs_greedy    droidmate              mop_unique4       0       0   10   14   0.6569 nao
 180 droidbot:dfs_greedy    droidmate              cov_method  18.152  20.337   57  104    4e-05 sim
 180 droidbot:dfs_greedy    droidmate              mop_total        0       0   13   35  0.00884 sim
 180 droidbot:dfs_greedy    humanoid               cov_mop     15.578  14.952   57   81  0.01465 sim
 180 droidbot:dfs_greedy    humanoid               mop_unique       0       0   12   21  0.83001 nao
 180 droidbot:dfs_greedy    humanoid               mop_unique4       0       0   10   19  0.92239 nao
 180 droidbot:dfs_greedy    humanoid               cov_method  18.152  18.587   65   95  0.00632 sim
 180 droidbot:dfs_greedy    humanoid               mop_total        0       0   17   25  0.93019 nao
 180 droidbot:dfs_greedy    ares                   cov_mop     15.578  16.335   59   83  0.02956 sim
 180 droidbot:dfs_greedy    ares                   mop_unique       0       0   21   17   0.4504 nao
 180 droidbot:dfs_greedy    ares                   mop_unique4       0       0   18   15  0.34299 nao
 180 droidbot:dfs_greedy    ares                   cov_method  18.152  18.775   72   90  0.15157 nao
 180 droidbot:dfs_greedy    ares                   mop_total        0       0   18   49   0.0005 sim
 180 droidbot:dfs_greedy    fastbot                cov_mop     15.578  15.603   69   75  0.53511 nao
 180 droidbot:dfs_greedy    fastbot                mop_unique       0       0   15   20   0.7174 nao
 180 droidbot:dfs_greedy    fastbot                mop_unique4       0       0   14   18   0.8005 nao
 180 droidbot:dfs_greedy    fastbot                cov_method  18.152  18.859   77   84  0.35019 nao
 180 droidbot:dfs_greedy    fastbot                mop_total        0       0   20   31  0.42766 nao
 180 droidbot:dfs_greedy    qtesting               cov_mop     15.578  12.145   83   51  0.00267 sim
 180 droidbot:dfs_greedy    qtesting               mop_unique       0       0   18   11  0.08889 nao
 180 droidbot:dfs_greedy    qtesting               mop_unique4       0       0   15   11   0.0335 sim
 180 droidbot:dfs_greedy    qtesting               cov_method  18.152  16.477  100   61  0.00324 sim
 180 droidbot:dfs_greedy    qtesting               mop_total        0       0   16   50      0.0 sim
 180 droidbot:bfs_greedy    droidbot:dfs_naive     cov_mop     15.618  14.103   88   45    4e-05 sim
 180 droidbot:bfs_greedy    droidbot:dfs_naive     mop_unique       0       0   17    4  0.00664 sim
 180 droidbot:bfs_greedy    droidbot:dfs_naive     mop_unique4       0       0   16    4    0.001 sim
 180 droidbot:bfs_greedy    droidbot:dfs_naive     cov_method  18.768   17.34  105   54    2e-05 sim
 180 droidbot:bfs_greedy    droidbot:dfs_naive     mop_total        0       0   25    7   0.0031 sim
 180 droidbot:bfs_greedy    droidbot:bfs_naive     cov_mop     15.618  14.186   89   37      0.0 sim
 180 droidbot:bfs_greedy    droidbot:bfs_naive     mop_unique       0       0   16    4  0.01664 sim
 180 droidbot:bfs_greedy    droidbot:bfs_naive     mop_unique4       0       0   15    4  0.00235 sim
 180 droidbot:bfs_greedy    droidbot:bfs_naive     cov_method  18.768  17.828  108   50      0.0 sim
 180 droidbot:bfs_greedy    droidbot:bfs_naive     mop_total        0       0   25    8  0.00671 sim
 180 droidbot:bfs_greedy    ape                    cov_mop     15.618   24.79   11  129      0.0 sim
 180 droidbot:bfs_greedy    ape                    mop_unique       0       0    9   27  0.00334 sim
 180 droidbot:bfs_greedy    ape                    mop_unique4       0       0    9   24  0.01579 sim
 180 droidbot:bfs_greedy    ape                    cov_method  18.768  25.378   13  149      0.0 sim
 180 droidbot:bfs_greedy    ape                    mop_total        0       0   11   60      0.0 sim
 180 droidbot:bfs_greedy    droidmate              cov_mop     15.618  16.667   45   97    2e-05 sim
 180 droidbot:bfs_greedy    droidmate              mop_unique       0       0   14   13  0.80056 nao
 180 droidbot:bfs_greedy    droidmate              mop_unique4       0       0   13   11  0.57687 nao
 180 droidbot:bfs_greedy    droidmate              cov_method  18.768  20.337   57  105    4e-05 sim
 180 droidbot:bfs_greedy    droidmate              mop_total        0       0   14   35  0.00363 sim
 180 droidbot:bfs_greedy    humanoid               cov_mop     15.618  14.952   63   75  0.14166 nao
 180 droidbot:bfs_greedy    humanoid               mop_unique       0       0   12   14  0.51638 nao
 180 droidbot:bfs_greedy    humanoid               mop_unique4       0       0   12   14  0.32734 nao
 180 droidbot:bfs_greedy    humanoid               cov_method  18.768  18.587   74   85   0.0296 sim
 180 droidbot:bfs_greedy    humanoid               mop_total        0       0   18   21   0.7746 nao
 180 droidbot:bfs_greedy    ares                   cov_mop     15.618  16.335   62   79  0.10138 nao
 180 droidbot:bfs_greedy    ares                   mop_unique       0       0   21   11  0.13192 nao
 180 droidbot:bfs_greedy    ares                   mop_unique4       0       0   20   11  0.06232 nao
 180 droidbot:bfs_greedy    ares                   cov_method  18.768  18.775   72   90     0.07 nao
 180 droidbot:bfs_greedy    ares                   mop_total        0       0   17   48  0.00041 sim
 180 droidbot:bfs_greedy    fastbot                cov_mop     15.618  15.603   72   67  0.98994 nao
 180 droidbot:bfs_greedy    fastbot                mop_unique       0       0   16   15  0.67984 nao
 180 droidbot:bfs_greedy    fastbot                mop_unique4       0       0   16   15  0.28066 nao
 180 droidbot:bfs_greedy    fastbot                cov_method  18.768  18.859   81   81  0.42748 nao
 180 droidbot:bfs_greedy    fastbot                mop_total        0       0   20   33  0.20599 nao
 180 droidbot:bfs_greedy    qtesting               cov_mop     15.618  12.145   85   47  0.00094 sim
 180 droidbot:bfs_greedy    qtesting               mop_unique       0       0   19   10  0.04604 sim
 180 droidbot:bfs_greedy    qtesting               mop_unique4       0       0   18   10  0.00657 sim
 180 droidbot:bfs_greedy    qtesting               cov_method  18.768  16.477   90   71   0.0124 sim
 180 droidbot:bfs_greedy    qtesting               mop_total        0       0   18   51      0.0 sim
 180 droidbot:dfs_naive     droidbot:bfs_naive     cov_mop     14.103  14.186   73   48  0.10624 nao
 180 droidbot:dfs_naive     droidbot:bfs_naive     mop_unique       0       0    6    7  0.83338 nao
 180 droidbot:dfs_naive     droidbot:bfs_naive     mop_unique4       0       0    5    6  0.65616 nao
 180 droidbot:dfs_naive     droidbot:bfs_naive     cov_method   17.34  17.828   86   67  0.03861 sim
 180 droidbot:dfs_naive     droidbot:bfs_naive     mop_total        0       0    7   12  0.35369 nao
 180 droidbot:dfs_naive     ape                    cov_mop     14.103   24.79    9  134      0.0 sim
 180 droidbot:dfs_naive     ape                    mop_unique       0       0    6   35      0.0 sim
 180 droidbot:dfs_naive     ape                    mop_unique4       0       0    6   33      0.0 sim
 180 droidbot:dfs_naive     ape                    cov_method   17.34  25.378   11  150      0.0 sim
 180 droidbot:dfs_naive     ape                    mop_total        0       0    3   68      0.0 sim
 180 droidbot:dfs_naive     droidmate              cov_mop     14.103  16.667   33  105      0.0 sim
 180 droidbot:dfs_naive     droidmate              mop_unique       0       0    7   20  0.01665 sim
 180 droidbot:dfs_naive     droidmate              mop_unique4       0       0    6   18  0.01134 sim
 180 droidbot:dfs_naive     droidmate              cov_method   17.34  20.337   46  116      0.0 sim
 180 droidbot:dfs_naive     droidmate              mop_total        0       0    6   39    2e-05 sim
 180 droidbot:dfs_naive     humanoid               cov_mop     14.103  14.952   39   99      0.0 sim
 180 droidbot:dfs_naive     humanoid               mop_unique       0       0    6   22  0.01921 sim
 180 droidbot:dfs_naive     humanoid               mop_unique4       0       0    6   21  0.00611 sim
 180 droidbot:dfs_naive     humanoid               cov_method   17.34  18.587   46  114      0.0 sim
 180 droidbot:dfs_naive     humanoid               mop_total        0       0   10   29  0.00917 sim
 180 droidbot:dfs_naive     ares                   cov_mop     14.103  16.335   53   89    6e-05 sim
 180 droidbot:dfs_naive     ares                   mop_unique       0       0   13   17  0.29372 nao
 180 droidbot:dfs_naive     ares                   mop_unique4       0       0   11   17  0.14771 nao
 180 droidbot:dfs_naive     ares                   cov_method   17.34  18.775   60  102    3e-05 sim
 180 droidbot:dfs_naive     ares                   mop_total        0       0    8   56      0.0 sim
 180 droidbot:dfs_naive     fastbot                cov_mop     14.103  15.603   51   91  0.00379 sim
 180 droidbot:dfs_naive     fastbot                mop_unique       0       0    8   21  0.01362 sim
 180 droidbot:dfs_naive     fastbot                mop_unique4       0       0    8   20  0.01332 sim
 180 droidbot:dfs_naive     fastbot                cov_method   17.34  18.859   60  102  0.00085 sim
 180 droidbot:dfs_naive     fastbot                mop_total        0       0    7   39      0.0 sim
 180 droidbot:dfs_naive     qtesting               cov_mop     14.103  12.145   70   64   0.3907 nao
 180 droidbot:dfs_naive     qtesting               mop_unique       0       0   12   11  0.74857 nao
 180 droidbot:dfs_naive     qtesting               mop_unique4       0       0   10   12  0.70857 nao
 180 droidbot:dfs_naive     qtesting               cov_method   17.34  16.477   79   83  0.66432 nao
 180 droidbot:dfs_naive     qtesting               mop_total        0       0   11   52      0.0 sim
 180 droidbot:bfs_naive     ape                    cov_mop     14.186   24.79    9  130      0.0 sim
 180 droidbot:bfs_naive     ape                    mop_unique       0       0    8   35    2e-05 sim
 180 droidbot:bfs_naive     ape                    mop_unique4       0       0    8   32    1e-05 sim
 180 droidbot:bfs_naive     ape                    cov_method  17.828  25.378   10  152      0.0 sim
 180 droidbot:bfs_naive     ape                    mop_total        0       0    4   65      0.0 sim
 180 droidbot:bfs_naive     droidmate              cov_mop     14.186  16.667   42   97      0.0 sim
 180 droidbot:bfs_naive     droidmate              mop_unique       0       0    7   18  0.01839 sim
 180 droidbot:bfs_naive     droidmate              mop_unique4       0       0    6   15  0.01486 sim
 180 droidbot:bfs_naive     droidmate              cov_method  17.828  20.337   43  117      0.0 sim
 180 droidbot:bfs_naive     droidmate              mop_total        0       0    8   35    7e-05 sim
 180 droidbot:bfs_naive     humanoid               cov_mop     14.186  14.952   42   95      0.0 sim
 180 droidbot:bfs_naive     humanoid               mop_unique       0       0    8   21  0.04831 sim
 180 droidbot:bfs_naive     humanoid               mop_unique4       0       0    8   20  0.02055 sim
 180 droidbot:bfs_naive     humanoid               cov_method  17.828  18.587   44  115      0.0 sim
 180 droidbot:bfs_naive     humanoid               mop_total        0       0   15   25   0.0633 nao
 180 droidbot:bfs_naive     ares                   cov_mop     14.186  16.335   45   93      0.0 sim
 180 droidbot:bfs_naive     ares                   mop_unique       0       0   13   19  0.31667 nao
 180 droidbot:bfs_naive     ares                   mop_unique4       0       0   12   18  0.14383 nao
 180 droidbot:bfs_naive     ares                   cov_method  17.828  18.775   47  114      0.0 sim
 180 droidbot:bfs_naive     ares                   mop_total        0       0    9   56      0.0 sim
 180 droidbot:bfs_naive     fastbot                cov_mop     14.186  15.603   52   88  0.00329 sim
 180 droidbot:bfs_naive     fastbot                mop_unique       0       0   11   21   0.0377 sim
 180 droidbot:bfs_naive     fastbot                mop_unique4       0       0   11   20  0.03753 sim
 180 droidbot:bfs_naive     fastbot                cov_method  17.828  18.859   55  105    5e-05 sim
 180 droidbot:bfs_naive     fastbot                mop_total        0       0   11   35  0.00024 sim
 180 droidbot:bfs_naive     qtesting               cov_mop     14.186  12.145   66   67  0.45523 nao
 180 droidbot:bfs_naive     qtesting               mop_unique       0       0   11   12  0.64699 nao
 180 droidbot:bfs_naive     qtesting               mop_unique4       0       0   10   12  0.78231 nao
 180 droidbot:bfs_naive     qtesting               cov_method  17.828  16.477   71   89   0.7669 nao
 180 droidbot:bfs_naive     qtesting               mop_total        0       0    9   53      0.0 sim
 180 ape                    droidmate              cov_mop      24.79  16.667  112   29      0.0 sim
 180 ape                    droidmate              mop_unique       0       0   27   13  0.00441 sim
 180 ape                    droidmate              mop_unique4       0       0   26   12  0.00215 sim
 180 ape                    droidmate              cov_method  25.378  20.337  129   32      0.0 sim
 180 ape                    droidmate              mop_total        0       0   52   19  0.00058 sim
 180 ape                    humanoid               cov_mop      24.79  14.952  130   13      0.0 sim
 180 ape                    humanoid               mop_unique       0       0   31   10   0.0006 sim
 180 ape                    humanoid               mop_unique4       0       0   28   11  0.00141 sim
 180 ape                    humanoid               cov_method  25.378  18.587  142   19      0.0 sim
 180 ape                    humanoid               mop_total        0       0   63   12      0.0 sim
 180 ape                    ares                   cov_mop      24.79  16.335  130   13      0.0 sim
 180 ape                    ares                   mop_unique       0       0   35   10    9e-05 sim
 180 ape                    ares                   mop_unique4       0       0   33   10   0.0003 sim
 180 ape                    ares                   cov_method  25.378  18.775  144   17      0.0 sim
 180 ape                    ares                   mop_total        0       0   42   30  0.33097 nao
 180 ape                    fastbot                cov_mop      24.79  15.603  112   29      0.0 sim
 180 ape                    fastbot                mop_unique       0       0   28    9  0.00026 sim
 180 ape                    fastbot                mop_unique4       0       0   25    9  0.00074 sim
 180 ape                    fastbot                cov_method  25.378  18.859  134   28      0.0 sim
 180 ape                    fastbot                mop_total        0       0   58   11      0.0 sim
 180 ape                    qtesting               cov_mop      24.79  12.145  126   12      0.0 sim
 180 ape                    qtesting               mop_unique       0       0   36   11    2e-05 sim
 180 ape                    qtesting               mop_unique4       0       0   33   11    3e-05 sim
 180 ape                    qtesting               cov_method  25.378  16.477  148   13      0.0 sim
 180 ape                    qtesting               mop_total        0       0   30   50    2e-05 sim
 180 droidmate              humanoid               cov_mop     16.667  14.952   91   51  0.00069 sim
 180 droidmate              humanoid               mop_unique       0       0   17   18  0.48082 nao
 180 droidmate              humanoid               mop_unique4       0       0   15   17  0.75739 nao
 180 droidmate              humanoid               cov_method  20.337  18.587   98   64  0.00726 sim
 180 droidmate              humanoid               mop_total        0       0   35   16  0.00347 sim
 180 droidmate              ares                   cov_mop     16.667  16.335   94   47  0.00044 sim
 180 droidmate              ares                   mop_unique       0       0   22   14  0.16897 nao
 180 droidmate              ares                   mop_unique4       0       0   20   14   0.3293 nao
 180 droidmate              ares                   cov_method  20.337  18.775  104   56  0.00029 sim
 180 droidmate              ares                   mop_total        0       0   25   46  0.05322 nao
 180 droidmate              fastbot                cov_mop     16.667  15.603   81   63  0.01448 sim
 180 droidmate              fastbot                mop_unique       0       0   19   15  0.56023 nao
 180 droidmate              fastbot                mop_unique4       0       0   17   14  0.46774 nao
 180 droidmate              fastbot                cov_method  20.337  18.859   90   71  0.04087 sim
 180 droidmate              fastbot                mop_total        0       0   30   25  0.17284 nao
 180 droidmate              qtesting               cov_mop     16.667  12.145  100   36      0.0 sim
 180 droidmate              qtesting               mop_unique       0       0   21    9  0.03577 sim
 180 droidmate              qtesting               mop_unique4       0       0   20    9   0.0183 sim
 180 droidmate              qtesting               cov_method  20.337  16.477  107   53      0.0 sim
 180 droidmate              qtesting               mop_total        0       0   17   51      0.0 sim
 180 humanoid               ares                   cov_mop     14.952  16.335   67   74  0.87084 nao
 180 humanoid               ares                   mop_unique       0       0   18   13  0.58247 nao
 180 humanoid               ares                   mop_unique4       0       0   18   12  0.32304 nao
 180 humanoid               ares                   cov_method  18.587  18.775   82   79  0.42027 nao
 180 humanoid               ares                   mop_total        0       0   16   56    1e-05 sim
 180 humanoid               fastbot                cov_mop     14.952  15.603   77   63  0.33447 nao
 180 humanoid               fastbot                mop_unique       0       0   15   13  0.79293 nao
 180 humanoid               fastbot                mop_unique4       0       0   15   13   0.6899 nao
 180 humanoid               fastbot                cov_method  18.587  18.859   86   76  0.64021 nao
 180 humanoid               fastbot                mop_total        0       0   16   30  0.07277 nao
 180 humanoid               qtesting               cov_mop     14.952  12.145   85   51    7e-05 sim
 180 humanoid               qtesting               mop_unique       0       0   23   10  0.06399 nao
 180 humanoid               qtesting               mop_unique4       0       0   22   10  0.03609 sim
 180 humanoid               qtesting               cov_method  18.587  16.477   94   66    3e-05 sim
 180 humanoid               qtesting               mop_total        0       0   20   52      0.0 sim
 180 ares                   fastbot                cov_mop     16.335  15.603   79   66  0.47308 nao
 180 ares                   fastbot                mop_unique       0       0   16   22  0.41158 nao
 180 ares                   fastbot                mop_unique4       0       0   15   21   0.4456 nao
 180 ares                   fastbot                cov_method  18.775  18.859   83   79  0.73488 nao
 180 ares                   fastbot                mop_total        0       0   52   23  0.00064 sim
 180 ares                   qtesting               cov_mop     16.335  12.145   93   51    6e-05 sim
 180 ares                   qtesting               mop_unique       0       0   16   14   0.2533 nao
 180 ares                   qtesting               mop_unique4       0       0   15   14  0.09973 nao
 180 ares                   qtesting               cov_method  18.775  16.477  103   59    3e-05 sim
 180 ares                   qtesting               mop_total        0       0   15   54      0.0 sim
 180 fastbot                qtesting               cov_mop     15.603  12.145   89   48  0.00077 sim
 180 fastbot                qtesting               mop_unique       0       0   23   11  0.02207 sim
 180 fastbot                qtesting               mop_unique4       0       0   21   11  0.01836 sim
 180 fastbot                qtesting               cov_method  18.859  16.477  102   57  0.00014 sim
 180 fastbot                qtesting               mop_total        0       0   20   51      0.0 sim
 300 monkey                 droidbot:dfs_greedy    cov_mop     17.861  17.647  102   39      0.0 sim
 300 monkey                 droidbot:dfs_greedy    mop_unique       0       0   21   17  0.59588 nao
 300 monkey                 droidbot:dfs_greedy    mop_unique4       0       0   20   16  0.40872 nao
 300 monkey                 droidbot:dfs_greedy    cov_method  22.056  20.509  117   45      0.0 sim
 300 monkey                 droidbot:dfs_greedy    mop_total        0       0   31   26    0.883 nao
 300 monkey                 droidbot:bfs_greedy    cov_mop     17.861   19.02   93   46      0.0 sim
 300 monkey                 droidbot:bfs_greedy    mop_unique       0       0   15   21  0.42655 nao
 300 monkey                 droidbot:bfs_greedy    mop_unique4       0       0   15   20  0.71834 nao
 300 monkey                 droidbot:bfs_greedy    cov_method  22.056  20.031  114   48      0.0 sim
 300 monkey                 droidbot:bfs_greedy    mop_total        0       0   25   30  0.35988 nao
 300 monkey                 droidbot:dfs_naive     cov_mop     17.861  14.419  120   20      0.0 sim
 300 monkey                 droidbot:dfs_naive     mop_unique       0       0   26   10  0.00821 sim
 300 monkey                 droidbot:dfs_naive     mop_unique4       0       0   25   10  0.00123 sim
 300 monkey                 droidbot:dfs_naive     cov_method  22.056  19.182  135   27      0.0 sim
 300 monkey                 droidbot:dfs_naive     mop_total        0       0   43    9    3e-05 sim
 300 monkey                 droidbot:bfs_naive     cov_mop     17.861  14.545  115   23      0.0 sim
 300 monkey                 droidbot:bfs_naive     mop_unique       0       0   23   13  0.08451 nao
 300 monkey                 droidbot:bfs_naive     mop_unique4       0       0   22   13  0.01726 sim
 300 monkey                 droidbot:bfs_naive     cov_method  22.056  18.831  134   28      0.0 sim
 300 monkey                 droidbot:bfs_naive     mop_total        0       0   36   16  0.01794 sim
 300 monkey                 ape                    cov_mop     17.861  30.303   23  116      0.0 sim
 300 monkey                 ape                    mop_unique       0       0    6   30    5e-05 sim
 300 monkey                 ape                    mop_unique4       0       0    6   29    7e-05 sim
 300 monkey                 ape                    cov_method  22.056  30.436   24  137      0.0 sim
 300 monkey                 ape                    mop_total        0       0    5   72      0.0 sim
 300 monkey                 droidmate              cov_mop     17.861   18.07   71   71  0.90195 nao
 300 monkey                 droidmate              mop_unique       0       0   15   18  0.74062 nao
 300 monkey                 droidmate              mop_unique4       0       0   15   17  0.65975 nao
 300 monkey                 droidmate              cov_method  22.056  21.582   80   81  0.47682 nao
 300 monkey                 droidmate              mop_total        0       0   20   53    4e-05 sim
 300 monkey                 humanoid               cov_mop     17.861   20.85   90   53  0.00042 sim
 300 monkey                 humanoid               mop_unique       0       0   17   15   0.5998 nao
 300 monkey                 humanoid               mop_unique4       0       0   16   15  0.48632 nao
 300 monkey                 humanoid               cov_method  22.056  21.555  100   61  0.00024 sim
 300 monkey                 humanoid               mop_total        0       0   29   24  0.89419 nao
 300 monkey                 ares                   cov_mop     17.861  18.503   88   57  0.00011 sim
 300 monkey                 ares                   mop_unique       0       0   19   16  0.29691 nao
 300 monkey                 ares                   mop_unique4       0       0   19   16  0.32525 nao
 300 monkey                 ares                   cov_method  22.056  21.193  103   59      0.0 sim
 300 monkey                 ares                   mop_total        0       0   24   50  0.00076 sim
 300 monkey                 fastbot                cov_mop     17.861   17.22   88   52  0.00018 sim
 300 monkey                 fastbot                mop_unique       0       0   21   19  0.61839 nao
 300 monkey                 fastbot                mop_unique4       0       0   21   18  0.23247 nao
 300 monkey                 fastbot                cov_method  22.056  19.919  104   57    3e-05 sim
 300 monkey                 fastbot                mop_total        0       0   31   28  0.34887 nao
 300 monkey                 qtesting               cov_mop     17.861  13.955  113   29      0.0 sim
 300 monkey                 qtesting               mop_unique       0       0   24   17  0.03911 sim
 300 monkey                 qtesting               mop_unique4       0       0   24   17  0.02306 sim
 300 monkey                 qtesting               cov_method  22.056  17.627  125   37      0.0 sim
 300 monkey                 qtesting               mop_total        0       0   22   56      0.0 sim
 300 droidbot:dfs_greedy    droidbot:bfs_greedy    cov_mop     17.647   19.02   70   66  0.42031 nao
 300 droidbot:dfs_greedy    droidbot:bfs_greedy    mop_unique       0       0    6   15  0.01006 sim
 300 droidbot:dfs_greedy    droidbot:bfs_greedy    mop_unique4       0       0    6   15  0.04355 sim
 300 droidbot:dfs_greedy    droidbot:bfs_greedy    cov_method  20.509  20.031   86   73    0.952 nao
 300 droidbot:dfs_greedy    droidbot:bfs_greedy    mop_total        0       0   16   21  0.45487 nao
 300 droidbot:dfs_greedy    droidbot:dfs_naive     cov_mop     17.647  14.419   95   41    1e-05 sim
 300 droidbot:dfs_greedy    droidbot:dfs_naive     mop_unique       0       0   17    5  0.01169 sim
 300 droidbot:dfs_greedy    droidbot:dfs_naive     mop_unique4       0       0   16    4  0.00446 sim
 300 droidbot:dfs_greedy    droidbot:dfs_naive     cov_method  20.509  19.182  108   49      0.0 sim
 300 droidbot:dfs_greedy    droidbot:dfs_naive     mop_total        0       0   28    4    3e-05 sim
 300 droidbot:dfs_greedy    droidbot:bfs_naive     cov_mop     17.647  14.545   93   38    8e-05 sim
 300 droidbot:dfs_greedy    droidbot:bfs_naive     mop_unique       0       0   14    7  0.17466 nao
 300 droidbot:dfs_greedy    droidbot:bfs_naive     mop_unique4       0       0   13    6  0.04831 sim
 300 droidbot:dfs_greedy    droidbot:bfs_naive     cov_method  20.509  18.831  113   45      0.0 sim
 300 droidbot:dfs_greedy    droidbot:bfs_naive     mop_total        0       0   25    8  0.00336 sim
 300 droidbot:dfs_greedy    ape                    cov_mop     17.647  30.303   13  130      0.0 sim
 300 droidbot:dfs_greedy    ape                    mop_unique       0       0   10   34    3e-05 sim
 300 droidbot:dfs_greedy    ape                    mop_unique4       0       0   10   32    8e-05 sim
 300 droidbot:dfs_greedy    ape                    cov_method  20.509  30.436   14  147      0.0 sim
 300 droidbot:dfs_greedy    ape                    mop_total        0       0   10   70      0.0 sim
 300 droidbot:dfs_greedy    droidmate              cov_mop     17.647   18.07   45   95    2e-05 sim
 300 droidbot:dfs_greedy    droidmate              mop_unique       0       0   10   15  0.45891 nao
 300 droidbot:dfs_greedy    droidmate              mop_unique4       0       0    8   13  0.86197 nao
 300 droidbot:dfs_greedy    droidmate              cov_method  20.509  21.582   54  107    2e-05 sim
 300 droidbot:dfs_greedy    droidmate              mop_total        0       0   16   54  0.00049 sim
 300 droidbot:dfs_greedy    humanoid               cov_mop     17.647   20.85   62   75  0.00255 sim
 300 droidbot:dfs_greedy    humanoid               mop_unique       0       0   16   16  0.65995 nao
 300 droidbot:dfs_greedy    humanoid               mop_unique4       0       0   16   15  0.73115 nao
 300 droidbot:dfs_greedy    humanoid               cov_method  20.509  21.555   61   97  0.00013 sim
 300 droidbot:dfs_greedy    humanoid               mop_total        0       0   22   23  0.46288 nao
 300 droidbot:dfs_greedy    ares                   cov_mop     17.647  18.503   60   80  0.06534 nao
 300 droidbot:dfs_greedy    ares                   mop_unique       0       0   20   14  0.66875 nao
 300 droidbot:dfs_greedy    ares                   mop_unique4       0       0   17   13  0.46492 nao
 300 droidbot:dfs_greedy    ares                   cov_method  20.509  21.193   74   87   0.1497 nao
 300 droidbot:dfs_greedy    ares                   mop_total        0       0   25   45  0.00921 sim
 300 droidbot:dfs_greedy    fastbot                cov_mop     17.647   17.22   70   73  0.81673 nao
 300 droidbot:dfs_greedy    fastbot                mop_unique       0       0   15   20  0.94112 nao
 300 droidbot:dfs_greedy    fastbot                mop_unique4       0       0   15   17  0.82232 nao
 300 droidbot:dfs_greedy    fastbot                cov_method  20.509  19.919   82   78  0.86606 nao
 300 droidbot:dfs_greedy    fastbot                mop_total        0       0   20   33   0.9364 nao
 300 droidbot:dfs_greedy    qtesting               cov_mop     17.647  13.955   91   50  0.00126 sim
 300 droidbot:dfs_greedy    qtesting               mop_unique       0       0   23    9  0.02858 sim
 300 droidbot:dfs_greedy    qtesting               mop_unique4       0       0   19   10  0.02054 sim
 300 droidbot:dfs_greedy    qtesting               cov_method  20.509  17.627   98   63  0.00167 sim
 300 droidbot:dfs_greedy    qtesting               mop_total        0       0   19   51      0.0 sim
 300 droidbot:bfs_greedy    droidbot:dfs_naive     cov_mop      19.02  14.419  101   35      0.0 sim
 300 droidbot:bfs_greedy    droidbot:dfs_naive     mop_unique       0       0   21    1    9e-05 sim
 300 droidbot:bfs_greedy    droidbot:dfs_naive     mop_unique4       0       0   21    1  0.00016 sim
 300 droidbot:bfs_greedy    droidbot:dfs_naive     cov_method  20.031  19.182  111   48      0.0 sim
 300 droidbot:bfs_greedy    droidbot:dfs_naive     mop_total        0       0   32    3    1e-05 sim
 300 droidbot:bfs_greedy    droidbot:bfs_naive     cov_mop      19.02  14.545   92   39      0.0 sim
 300 droidbot:bfs_greedy    droidbot:bfs_naive     mop_unique       0       0   18    4  0.00888 sim
 300 droidbot:bfs_greedy    droidbot:bfs_naive     mop_unique4       0       0   18    4  0.00312 sim
 300 droidbot:bfs_greedy    droidbot:bfs_naive     cov_method  20.031  18.831  112   47      0.0 sim
 300 droidbot:bfs_greedy    droidbot:bfs_naive     mop_total        0       0   29    6  0.00041 sim
 300 droidbot:bfs_greedy    ape                    cov_mop      19.02  30.303   15  126      0.0 sim
 300 droidbot:bfs_greedy    ape                    mop_unique       0       0   11   29  0.00103 sim
 300 droidbot:bfs_greedy    ape                    mop_unique4       0       0   11   28  0.00213 sim
 300 droidbot:bfs_greedy    ape                    cov_method  20.031  30.436   15  146      0.0 sim
 300 droidbot:bfs_greedy    ape                    mop_total        0       0    8   73      0.0 sim
 300 droidbot:bfs_greedy    droidmate              cov_mop      19.02   18.07   46   94  0.00014 sim
 300 droidbot:bfs_greedy    droidmate              mop_unique       0       0   15   11  0.45326 nao
 300 droidbot:bfs_greedy    droidmate              mop_unique4       0       0   13    8  0.25041 nao
 300 droidbot:bfs_greedy    droidmate              cov_method  20.031  21.582   54  108  0.00013 sim
 300 droidbot:bfs_greedy    droidmate              mop_total        0       0   17   52  0.00034 sim
 300 droidbot:bfs_greedy    humanoid               cov_mop      19.02   20.85   55   79  0.03963 sim
 300 droidbot:bfs_greedy    humanoid               mop_unique       0       0   16   13  0.44853 nao
 300 droidbot:bfs_greedy    humanoid               mop_unique4       0       0   16   13  0.53726 nao
 300 droidbot:bfs_greedy    humanoid               cov_method  20.031  21.555   61   97  0.00109 sim
 300 droidbot:bfs_greedy    humanoid               mop_total        0       0   23   21  0.95345 nao
 300 droidbot:bfs_greedy    ares                   cov_mop      19.02  18.503   62   80  0.47035 nao
 300 droidbot:bfs_greedy    ares                   mop_unique       0       0   22   10  0.09382 nao
 300 droidbot:bfs_greedy    ares                   mop_unique4       0       0   20   11  0.19557 nao
 300 droidbot:bfs_greedy    ares                   cov_method  20.031  21.193   71   91  0.34945 nao
 300 droidbot:bfs_greedy    ares                   mop_total        0       0   23   46  0.00378 sim
 300 droidbot:bfs_greedy    fastbot                cov_mop      19.02   17.22   74   64  0.19373 nao
 300 droidbot:bfs_greedy    fastbot                mop_unique       0       0   20   14  0.12959 nao
 300 droidbot:bfs_greedy    fastbot                mop_unique4       0       0   20   13  0.21368 nao
 300 droidbot:bfs_greedy    fastbot                cov_method  20.031  19.919   84   78  0.48926 nao
 300 droidbot:bfs_greedy    fastbot                mop_total        0       0   24   28  0.45473 nao
 300 droidbot:bfs_greedy    qtesting               cov_mop      19.02  13.955   87   49    2e-05 sim
 300 droidbot:bfs_greedy    qtesting               mop_unique       0       0   23    8  0.00418 sim
 300 droidbot:bfs_greedy    qtesting               mop_unique4       0       0   20    9   0.0056 sim
 300 droidbot:bfs_greedy    qtesting               cov_method  20.031  17.627   97   63  0.00026 sim
 300 droidbot:bfs_greedy    qtesting               mop_total        0       0   19   53      0.0 sim
 300 droidbot:dfs_naive     droidbot:bfs_naive     cov_mop     14.419  14.545   55   69  0.32462 nao
 300 droidbot:dfs_naive     droidbot:bfs_naive     mop_unique       0       0    2    7   0.0496 sim
 300 droidbot:dfs_naive     droidbot:bfs_naive     mop_unique4       0       0    2    7  0.03781 sim
 300 droidbot:dfs_naive     droidbot:bfs_naive     cov_method  19.182  18.831   72   84  0.44465 nao
 300 droidbot:dfs_naive     droidbot:bfs_naive     mop_total        0       0    3   12  0.02296 sim
 300 droidbot:dfs_naive     ape                    cov_mop     14.419  30.303    7  135      0.0 sim
 300 droidbot:dfs_naive     ape                    mop_unique       0       0    7   37      0.0 sim
 300 droidbot:dfs_naive     ape                    mop_unique4       0       0    7   36      0.0 sim
 300 droidbot:dfs_naive     ape                    cov_method  19.182  30.436    7  154      0.0 sim
 300 droidbot:dfs_naive     ape                    mop_total        0       0    3   77      0.0 sim
 300 droidbot:dfs_naive     droidmate              cov_mop     14.419   18.07   26  110      0.0 sim
 300 droidbot:dfs_naive     droidmate              mop_unique       0       0    4   20    0.001 sim
 300 droidbot:dfs_naive     droidmate              mop_unique4       0       0    3   18  0.00219 sim
 300 droidbot:dfs_naive     droidmate              cov_method  19.182  21.582   37  125      0.0 sim
 300 droidbot:dfs_naive     droidmate              mop_total        0       0    6   63      0.0 sim
 300 droidbot:dfs_naive     humanoid               cov_mop     14.419   20.85   24  113      0.0 sim
 300 droidbot:dfs_naive     humanoid               mop_unique       0       0    8   22  0.00492 sim
 300 droidbot:dfs_naive     humanoid               mop_unique4       0       0    7   22  0.00282 sim
 300 droidbot:dfs_naive     humanoid               cov_method  19.182  21.555   34  124      0.0 sim
 300 droidbot:dfs_naive     humanoid               mop_total        0       0   11   32  0.00021 sim
 300 droidbot:dfs_naive     ares                   cov_mop     14.419  18.503   38  104      0.0 sim
 300 droidbot:dfs_naive     ares                   mop_unique       0       0   11   22  0.08103 nao
 300 droidbot:dfs_naive     ares                   mop_unique4       0       0   10   21  0.03853 sim
 300 droidbot:dfs_naive     ares                   cov_method  19.182  21.193   46  115      0.0 sim
 300 droidbot:dfs_naive     ares                   mop_total        0       0   11   60      0.0 sim
 300 droidbot:dfs_naive     fastbot                cov_mop     14.419   17.22   55   85  0.00567 sim
 300 droidbot:dfs_naive     fastbot                mop_unique       0       0    9   20  0.03853 sim
 300 droidbot:dfs_naive     fastbot                mop_unique4       0       0    9   19    0.035 sim
 300 droidbot:dfs_naive     fastbot                cov_method  19.182  19.919   70   91  0.00463 sim
 300 droidbot:dfs_naive     fastbot                mop_total        0       0    9   36  0.00037 sim
 300 droidbot:dfs_naive     qtesting               cov_mop     14.419  13.955   67   70   0.5801 nao
 300 droidbot:dfs_naive     qtesting               mop_unique       0       0   13   12  0.83986 nao
 300 droidbot:dfs_naive     qtesting               mop_unique4       0       0   11   12  0.85506 nao
 300 droidbot:dfs_naive     qtesting               cov_method  19.182  17.627   78   84  0.99133 nao
 300 droidbot:dfs_naive     qtesting               mop_total        0       0   11   54      0.0 sim
 300 droidbot:bfs_naive     ape                    cov_mop     14.545  30.303    9  128      0.0 sim
 300 droidbot:bfs_naive     ape                    mop_unique       0       0    9   33    1e-05 sim
 300 droidbot:bfs_naive     ape                    mop_unique4       0       0    8   33      0.0 sim
 300 droidbot:bfs_naive     ape                    cov_method  18.831  30.436   10  151      0.0 sim
 300 droidbot:bfs_naive     ape                    mop_total        0       0    2   78      0.0 sim
 300 droidbot:bfs_naive     droidmate              cov_mop     14.545   18.07   33  101      0.0 sim
 300 droidbot:bfs_naive     droidmate              mop_unique       0       0    5   19   0.0155 sim
 300 droidbot:bfs_naive     droidmate              mop_unique4       0       0    4   16   0.0158 sim
 300 droidbot:bfs_naive     droidmate              cov_method  18.831  21.582   44  117      0.0 sim
 300 droidbot:bfs_naive     droidmate              mop_total        0       0    6   61      0.0 sim
 300 droidbot:bfs_naive     humanoid               cov_mop     14.545   20.85   29  106      0.0 sim
 300 droidbot:bfs_naive     humanoid               mop_unique       0       0   10   19  0.07556 nao
 300 droidbot:bfs_naive     humanoid               mop_unique4       0       0   10   19  0.03374 sim
 300 droidbot:bfs_naive     humanoid               cov_method  18.831  21.555   32  125      0.0 sim
 300 droidbot:bfs_naive     humanoid               mop_total        0       0   14   29  0.01368 sim
 300 droidbot:bfs_naive     ares                   cov_mop     14.545  18.503   43   96      0.0 sim
 300 droidbot:bfs_naive     ares                   mop_unique       0       0   15   17  0.45965 nao
 300 droidbot:bfs_naive     ares                   mop_unique4       0       0   13   16  0.23395 nao
 300 droidbot:bfs_naive     ares                   cov_method  18.831  21.193   53  109      0.0 sim
 300 droidbot:bfs_naive     ares                   mop_total        0       0   13   56      0.0 sim
 300 droidbot:bfs_naive     fastbot                cov_mop     14.545   17.22   56   82   0.0613 nao
 300 droidbot:bfs_naive     fastbot                mop_unique       0       0   13   17  0.43357 nao
 300 droidbot:bfs_naive     fastbot                mop_unique4       0       0   12   16  0.27832 nao
 300 droidbot:bfs_naive     fastbot                cov_method  18.831  19.919   67   94   0.0116 sim
 300 droidbot:bfs_naive     fastbot                mop_total        0       0   15   30  0.07124 nao
 300 droidbot:bfs_naive     qtesting               cov_mop     14.545  13.955   65   69  0.36079 nao
 300 droidbot:bfs_naive     qtesting               mop_unique       0       0   15    8  0.12777 nao
 300 droidbot:bfs_naive     qtesting               mop_unique4       0       0   12    9  0.25828 nao
 300 droidbot:bfs_naive     qtesting               cov_method  18.831  17.627   75   84  0.96571 nao
 300 droidbot:bfs_naive     qtesting               mop_total        0       0   11   53      0.0 sim
 300 ape                    droidmate              cov_mop     30.303   18.07  114   25      0.0 sim
 300 ape                    droidmate              mop_unique       0       0   27   12  0.00122 sim
 300 ape                    droidmate              mop_unique4       0       0   26   11  0.00036 sim
 300 ape                    droidmate              cov_method  30.436  21.582  134   25      0.0 sim
 300 ape                    droidmate              mop_total        0       0   53   21  0.00148 sim
 300 ape                    humanoid               cov_mop     30.303   20.85  124   18      0.0 sim
 300 ape                    humanoid               mop_unique       0       0   35   11  0.00011 sim
 300 ape                    humanoid               mop_unique4       0       0   34   11  0.00011 sim
 300 ape                    humanoid               cov_method  30.436  21.555  140   21      0.0 sim
 300 ape                    humanoid               mop_total        0       0   69   15      0.0 sim
 300 ape                    ares                   cov_mop     30.303  18.503  127   15      0.0 sim
 300 ape                    ares                   mop_unique       0       0   36    6    1e-05 sim
 300 ape                    ares                   mop_unique4       0       0   33    6    4e-05 sim
 300 ape                    ares                   cov_method  30.436  21.193  146   16      0.0 sim
 300 ape                    ares                   mop_total        0       0   62   12      0.0 sim
 300 ape                    fastbot                cov_mop     30.303   17.22  115   23      0.0 sim
 300 ape                    fastbot                mop_unique       0       0   34    8    3e-05 sim
 300 ape                    fastbot                mop_unique4       0       0   33    7    2e-05 sim
 300 ape                    fastbot                cov_method  30.436  19.919  141   21      0.0 sim
 300 ape                    fastbot                mop_total        0       0   73    7      0.0 sim
 300 ape                    qtesting               cov_mop     30.303  13.955  126   13      0.0 sim
 300 ape                    qtesting               mop_unique       0       0   36   10      0.0 sim
 300 ape                    qtesting               mop_unique4       0       0   34   10      0.0 sim
 300 ape                    qtesting               cov_method  30.436  17.627  148   12      0.0 sim
 300 ape                    qtesting               mop_total        0       0   30   51    5e-05 sim
 300 droidmate              humanoid               cov_mop      18.07   20.85   91   51  0.01362 sim
 300 droidmate              humanoid               mop_unique       0       0   17   17  0.79733 nao
 300 droidmate              humanoid               mop_unique4       0       0   15   16  0.82159 nao
 300 droidmate              humanoid               cov_method  21.582  21.555   99   62  0.01511 sim
 300 droidmate              humanoid               mop_total        0       0   51   20  0.00082 sim
 300 droidmate              ares                   cov_mop      18.07  18.503   85   52  0.00164 sim
 300 droidmate              ares                   mop_unique       0       0   21   14  0.38008 nao
 300 droidmate              ares                   mop_unique4       0       0   19   13  0.72228 nao
 300 droidmate              ares                   cov_method  21.582  21.193  103   56  0.00033 sim
 300 droidmate              ares                   mop_total        0       0   41   28  0.06716 nao
 300 droidmate              fastbot                cov_mop      18.07   17.22   88   55  0.00151 sim
 300 droidmate              fastbot                mop_unique       0       0   20   16  0.33278 nao
 300 droidmate              fastbot                mop_unique4       0       0   17   14  0.51736 nao
 300 droidmate              fastbot                cov_method  21.582  19.919   99   63  0.00179 sim
 300 droidmate              fastbot                mop_total        0       0   59   15      0.0 sim
 300 droidmate              qtesting               cov_mop      18.07  13.955  103   36      0.0 sim
 300 droidmate              qtesting               mop_unique       0       0   22    8  0.01165 sim
 300 droidmate              qtesting               mop_unique4       0       0   20    8  0.01613 sim
 300 droidmate              qtesting               cov_method  21.582  17.627  117   43      0.0 sim
 300 droidmate              qtesting               mop_total        0       0   17   55      0.0 sim
 300 humanoid               ares                   cov_mop      20.85  18.503   69   74  0.51771 nao
 300 humanoid               ares                   mop_unique       0       0   20   14  0.52648 nao
 300 humanoid               ares                   mop_unique4       0       0   19   13  0.50612 nao
 300 humanoid               ares                   cov_method  21.555  21.193   86   75  0.08715 nao
 300 humanoid               ares                   mop_total        0       0   24   49  0.01863 sim
 300 humanoid               fastbot                cov_mop      20.85   17.22   83   58  0.00901 sim
 300 humanoid               fastbot                mop_unique       0       0   21   18  0.46711 nao
 300 humanoid               fastbot                mop_unique4       0       0   22   16  0.29939 nao
 300 humanoid               fastbot                cov_method  21.555  19.919   95   67  0.01585 sim
 300 humanoid               fastbot                mop_total        0       0   27   32   0.5555 nao
 300 humanoid               qtesting               cov_mop      20.85  13.955   96   43      0.0 sim
 300 humanoid               qtesting               mop_unique       0       0   24   13  0.02698 sim
 300 humanoid               qtesting               mop_unique4       0       0   23   13  0.01749 sim
 300 humanoid               qtesting               cov_method  21.555  17.627  106   54      0.0 sim
 300 humanoid               qtesting               mop_total        0       0   22   55      0.0 sim
 300 ares                   fastbot                cov_mop     18.503   17.22   82   60  0.06299 nao
 300 ares                   fastbot                mop_unique       0       0   17   22  0.71049 nao
 300 ares                   fastbot                mop_unique4       0       0   17   20  0.89191 nao
 300 ares                   fastbot                cov_method  21.193  19.919   90   72  0.14873 nao
 300 ares                   fastbot                mop_total        0       0   56   20    2e-05 sim
 300 ares                   qtesting               cov_mop     18.503  13.955   97   47      0.0 sim
 300 ares                   qtesting               mop_unique       0       0   19   13  0.07391 nao
 300 ares                   qtesting               mop_unique4       0       0   18   13  0.02535 sim
 300 ares                   qtesting               cov_method  21.193  17.627  106   56      0.0 sim
 300 ares                   qtesting               mop_total        0       0   15   56      0.0 sim
 300 fastbot                qtesting               cov_mop      17.22  13.955   84   55  0.01143 sim
 300 fastbot                qtesting               mop_unique       0       0   22   13  0.07762 nao
 300 fastbot                qtesting               mop_unique4       0       0   19   13  0.06665 nao
 300 fastbot                qtesting               cov_method  19.919  17.627   95   67  0.00369 sim
 300 fastbot                qtesting               mop_total        0       0   16   52      0.0 sim
