estudo02-20260916_00: reparada com.serwylo.beatgame_35.apk humanoid rep3 180s — C4+C5, 182s de ferramenta (2 artefatos preservados)
estudo02-20260916_00: reparada io.github.samolego.canta_225.apk droidbot:dfs_naive rep3 300s — C2, 212s de ferramenta (2 artefatos preservados)
estudo02-20260916_01: reparada app.maskan.chat_90.apk droidbot:dfs_naive rep1 300s — C2, 242s de ferramenta (2 artefatos preservados)
estudo02-20260916_01: reparada app.maskan.chat_90.apk droidbot:dfs_naive rep3 300s — C2, 260s de ferramenta (2 artefatos preservados)
estudo02-20260916_01: reparada net.adhikary.mrtbuddy_24.apk ape rep3 180s — C5, 190s de ferramenta (2 artefatos preservados)
estudo02-20260916_02: reparada com.absinthe.libchecker_2671.apk ares rep2 180s — C2, 66s de ferramenta (2 artefatos preservados)
estudo02-20260916_02: reparada com.nononsenseapps.feeder.play_4025.apk ares rep1 180s — C2, 80s de ferramenta (2 artefatos preservados)
estudo02-20260916_02: reparada com.nononsenseapps.feeder.play_4025.apk ares rep1 300s — C2+C4+C5, 72s de ferramenta (2 artefatos preservados)
estudo02-20260916_02: reparada org.fossify.messages_20.apk droidmate rep3 60s — C4+C5, 70s de ferramenta (2 artefatos preservados)
estudo02-20260916_03: reparada app.pachli_50.apk monkey rep2 60s — C5, 70s de ferramenta (2 artefatos preservados)
estudo02-20260916_03: reparada net.gaast.giggity_769.apk ares rep1 180s — C2, 63s de ferramenta (2 artefatos preservados)
estudo02-20260916_03: reparada net.gaast.giggity_769.apk ares rep2 60s — C2, 53s de ferramenta (2 artefatos preservados)
estudo02-20260916_03: reparada net.gaast.giggity_769.apk ares rep2 180s — C2, 72s de ferramenta (2 artefatos preservados)
estudo02-20260916_03: reparada net.gaast.giggity_769.apk ares rep2 300s — C2, 58s de ferramenta (2 artefatos preservados)
estudo02-20260916_03: reparada net.gaast.giggity_769.apk ares rep3 300s — C2, 58s de ferramenta (2 artefatos preservados)
estudo02-20260916_03: reparada org.fossify.musicplayer_14.apk droidmate rep3 60s — C4+C5, 71s de ferramenta (2 artefatos preservados)
estudo02-20260916_03: REVISAR de.luhmer.owncloudnewsreader_196.apk ares rep1 180s — C2+C4+C5 após 2 tentativas
estudo02-20260916_04: reparada com.gelakinetic.mtgfam_99.apk ares rep1 300s — C2, 78s de ferramenta (2 artefatos preservados)
estudo02-20260916_04: reparada com.gelakinetic.mtgfam_99.apk ares rep2 180s — C2, 63s de ferramenta (2 artefatos preservados)
estudo02-20260916_04: reparada com.gelakinetic.mtgfam_99.apk ares rep2 300s — C2, 74s de ferramenta (2 artefatos preservados)
estudo02-20260916_04: reparada com.gelakinetic.mtgfam_99.apk ares rep3 180s — C2, 77s de ferramenta (2 artefatos preservados)
estudo02-20260916_04: reparada com.kwasow.musekit_1721768604.apk ares rep2 60s — C4+C5, 68s de ferramenta (2 artefatos preservados)
estudo02-20260916_04: reparada com.sshborg_18.apk droidmate rep2 60s — C4+C5, 70s de ferramenta (2 artefatos preservados)
estudo02-20260916_05: reparada app.pwhs.universalinstaller_24.apk droidmate rep1 60s — C4+C5, 70s de ferramenta (2 artefatos preservados)
estudo02-20260916_05: reparada app.pwhs.universalinstaller_24.apk qtesting rep1 180s — C2, 91s de ferramenta (2 artefatos preservados)
estudo02-20260916_05: reparada com.apps.adrcotfas.goodtime_348.apk droidmate rep3 180s — C4+C5, 191s de ferramenta (2 artefatos preservados)
estudo02-20260916_05: reparada com.password.monitor_102.apk droidbot:dfs_naive rep3 180s — C2, 164s de ferramenta (2 artefatos preservados)
estudo02-20260916_05: reparada com.starry.greenstash_440.apk ares rep2 60s — C4+C5, 73s de ferramenta (2 artefatos preservados)
estudo02-20260916_05: reparada com.starry.greenstash_440.apk ares rep2 180s — C2+C4+C5, 74s de ferramenta (2 artefatos preservados)
estudo02-20260916_05: reparada com.starry.greenstash_440.apk fastbot rep2 300s — C2, 279s de ferramenta (2 artefatos preservados)
estudo02-20260916_05: reparada de.markusfisch.android.binaryeye_174.apk ape rep3 60s — C5, 71s de ferramenta (2 artefatos preservados)
estudo02-20260916_05: reparada de.markusfisch.android.binaryeye_174.apk ares rep2 180s — C2, 138s de ferramenta (2 artefatos preservados)
estudo02-20260916_05: reparada de.markusfisch.android.binaryeye_174.apk ares rep3 60s — C2+C4+C5, 39s de ferramenta (2 artefatos preservados)
estudo02-20260916_05: reparada de.markusfisch.android.binaryeye_174.apk ares rep3 180s — C2, 49s de ferramenta (2 artefatos preservados)
estudo02-20260916_05: reparada de.markusfisch.android.binaryeye_174.apk fastbot rep1 60s — C2, 39s de ferramenta (2 artefatos preservados)
estudo02-20260916_05: reparada de.markusfisch.android.binaryeye_174.apk fastbot rep1 180s — C2, 109s de ferramenta (2 artefatos preservados)
estudo02-20260916_05: reparada de.markusfisch.android.binaryeye_174.apk fastbot rep1 300s — C2, 35s de ferramenta (2 artefatos preservados)
estudo02-20260916_05: reparada de.markusfisch.android.binaryeye_174.apk fastbot rep2 60s — C2, 54s de ferramenta (2 artefatos preservados)
estudo02-20260916_05: reparada de.markusfisch.android.binaryeye_174.apk fastbot rep2 180s — C2, 46s de ferramenta (2 artefatos preservados)
estudo02-20260916_05: reparada de.markusfisch.android.binaryeye_174.apk fastbot rep2 300s — C2, 57s de ferramenta (2 artefatos preservados)
estudo02-20260916_05: reparada de.markusfisch.android.binaryeye_174.apk fastbot rep3 60s — C2, 33s de ferramenta (2 artefatos preservados)
estudo02-20260916_05: reparada de.markusfisch.android.binaryeye_174.apk fastbot rep3 180s — C2, 57s de ferramenta (2 artefatos preservados)
estudo02-20260916_05: reparada de.markusfisch.android.binaryeye_174.apk fastbot rep3 300s — C2, 56s de ferramenta (2 artefatos preservados)
estudo02-20260916_05: reparada uk.org.ngo.squeezer_158.apk ares rep2 300s — C2, 67s de ferramenta (2 artefatos preservados)
estudo02-20260916_05: reparada uk.org.ngo.squeezer_158.apk ares rep3 300s — C2, 61s de ferramenta (2 artefatos preservados)
estudo02-20260916_06: reparada eu.faircode.email_2322.apk qtesting rep1 180s — C2, 87s de ferramenta (2 artefatos preservados)
estudo02-20260916_06: reparada eu.faircode.email_2322.apk qtesting rep3 180s — C2, 81s de ferramenta (2 artefatos preservados)
estudo02-20260916_06: reparada me.diamondforge.tokn_19.apk ares rep1 60s — C4+C5, 76s de ferramenta (2 artefatos preservados)
estudo02-20260916_07: reparada eu.opencloud.android_9.apk qtesting rep1 180s — C2, 131s de ferramenta (2 artefatos preservados)
estudo02-20260916_07: reparada eu.opencloud.android_9.apk qtesting rep2 60s — C2, 49s de ferramenta (2 artefatos preservados)
estudo02-20260916_07: reparada me.hackerchick.sharetoinputstick_26.apk ares rep1 180s — C2, 68s de ferramenta (2 artefatos preservados)
estudo02-20260916_07: reparada me.hackerchick.sharetoinputstick_26.apk ares rep1 300s — C2, 71s de ferramenta (2 artefatos preservados)
estudo02-20260916_07: reparada me.hackerchick.sharetoinputstick_26.apk ares rep3 180s — C2, 75s de ferramenta (2 artefatos preservados)
estudo02-20260916_07: reparada me.hackerchick.sharetoinputstick_26.apk ares rep3 300s — C2, 75s de ferramenta (2 artefatos preservados)
estudo02-20260916_08: reparada br.com.colman.petals_3040000.apk droidmate rep1 60s — C4+C5, 70s de ferramenta (2 artefatos preservados)
estudo02-20260916_08: reparada com.rtbishop.look4sat_410.apk monkey rep3 60s — C5, 70s de ferramenta (2 artefatos preservados)
estudo02-20260916_08: reparada com.rtbishop.look4sat_410.apk fastbot rep3 300s — C5, 312s de ferramenta (2 artefatos preservados)
estudo02-20260916_08: reparada dev.anilbeesetti.nextplayer_42.apk ares rep2 60s — C4+C5, 82s de ferramenta (2 artefatos preservados)
estudo02-20260916_08: reparada fr.corenting.traficparis_34.apk ares rep3 300s — C2, 63s de ferramenta (2 artefatos preservados)
estudo02-20260916_08: reparada org.totschnig.myexpenses_858.apk qtesting rep1 300s — C2, 74s de ferramenta (2 artefatos preservados)
estudo02-20260916_09: reparada cc.sovellus.vrcaa_300007.apk droidmate rep1 60s — C4+C5, 70s de ferramenta (2 artefatos preservados)
estudo02-20260916_09: reparada com.hwloc.lstopo_80283.apk droidbot:dfs_naive rep1 300s — C2, 236s de ferramenta (2 artefatos preservados)
estudo02-20260916_09: reparada com.hwloc.lstopo_80283.apk droidbot:dfs_naive rep2 300s — C2, 293s de ferramenta (2 artefatos preservados)
estudo02-20260916_09: reparada org.wikipedia_50595.apk ares rep1 60s — C4+C5, 74s de ferramenta (2 artefatos preservados)
estudo02-20260916_09: reparada org.wikipedia_50595.apk ares rep2 60s — C4+C5, 72s de ferramenta (2 artefatos preservados)
estudo02-20260916_10: reparada ch.joshuah.bibleverseapp_8.apk droidbot:dfs_naive rep1 60s — C5, 70s de ferramenta (2 artefatos preservados)
estudo02-20260916_10: reparada com.cointrend_10304.apk ares rep3 180s — C2+C4+C5, 74s de ferramenta (2 artefatos preservados)
estudo02-20260916_10: reparada com.mateusrodcosta.apps.share2storage_34.apk droidmate rep2 60s — C4+C5, 71s de ferramenta (2 artefatos preservados)
estudo02-20260916_10: reparada me.testcase.ognarviewer_25.apk monkey rep3 60s — C5, 71s de ferramenta (2 artefatos preservados)
estudo02-20260916_10: reparada rocks.poopjournal.metadataremover_20020.apk qtesting rep1 180s — C2, 52s de ferramenta (2 artefatos preservados)
estudo02-20260916_11: reparada com.iyps_158.apk droidbot:dfs_naive rep1 180s — C2, 162s de ferramenta (2 artefatos preservados)
estudo02-20260916_11: reparada com.iyps_158.apk droidbot:dfs_naive rep2 180s — C2, 169s de ferramenta (2 artefatos preservados)
estudo02-20260916_11: reparada com.schwegelbin.openbible_46.apk droidmate rep3 60s — C2+C4+C5, 18s de ferramenta (2 artefatos preservados)

resumo: 72 reparadas, 1 para revisar, 0 já em ERROR (o resume alcança), 462 em categoria declarada — zero estrutural, parada da ferramenta, lançamento fora do app (não voltam à fila)
nenhum APK foi excluído, filtrado ou removido — isso não é atribuição deste script
